Open connection
Execute scalar command: select 1 from INFORMATION_SCHEMA.TABLES where TABLE_NAME = 'schemaversions'
Dispose command
Execute non query command: USE `test`
Dispose command
Execute non query command: DROP procedure IF EXISTS `testSproc`
Dispose command
Execute non query command: USE `test`
Dispose command
Execute non query command: CREATE PROCEDURE `testSproc`(
        IN   ssn                    VARCHAR(32)
     )
BEGIN 

    SELECT id      
    FROM   customer as c
    WHERE  c.ssn = ssn ; 

END
Dispose command
Execute scalar command: select 1 from INFORMATION_SCHEMA.TABLES where TABLE_NAME = 'schemaversions'
Dispose command
Execute non query command: CREATE TABLE `schemaversions` 
                    (
                        `schemaversionid` INT NOT NULL AUTO_INCREMENT,
                        `scriptname` VARCHAR(255) NOT NULL,
                        `applied` TIMESTAMP NOT NULL,
                        PRIMARY KEY (`schemaversionid`));
Dispose command
Create parameter
Add parameter to command: scriptName=Script0003
Create parameter
Add parameter to command: applied=<date>
Execute non query command: insert into `schemaversions` (ScriptName, Applied) values (@scriptName, @applied)
Dispose command
Dispose connection