DB Operation: Open connection
Info:         Beginning database upgrade
Info:         Checking whether journal table exists..
DB Operation: Execute scalar command: select cast(1 as Int) from systab t where t.table_name = 'SCHEMAVERSIONS'
DB Operation: Dispose command
Info:         Journal table does not exist
Info:         Executing Database Server script 'Script0001.sql'
Info:         Checking whether journal table exists..
DB Operation: Execute scalar command: select cast(1 as Int) from systab t where t.table_name = 'SCHEMAVERSIONS'
DB Operation: Dispose command
Info:         Creating the [schemaversions] table
DB Operation: Execute non query command: create table [schemaversions] (
                    [Id] int identity not null constraint [PK_schemaversions_Id] primary key,
                    [ScriptName] nvarchar(255) not null,
                    [Applied] datetime not null
                )
DB Operation: Dispose command
Info:         The [schemaversions] table has been created
DB Operation: Execute non query command: script1contents
DB Operation: Dispose command
DB Operation: Create parameter
Info:         DB Operation: Add parameter to command: scriptName=Script0001.sql
DB Operation: Create parameter
Info:         DB Operation: Add parameter to command: applied=<date>
DB Operation: Execute non query command: insert into [schemaversions] (ScriptName, Applied) values (? ,?)
DB Operation: Dispose command
Info:         Upgrade successful
DB Operation: Dispose connection
