Open connection
Execute scalar command: select 1 from INFORMATION_SCHEMA.TABLES where TABLE_NAME = 'TestSchemaVersions' and TABLE_SCHEMA = 'test'
Dispose command
Execute non query command: script1contents
Dispose command
Execute scalar command: select 1 from INFORMATION_SCHEMA.TABLES where TABLE_NAME = 'TestSchemaVersions' and TABLE_SCHEMA = 'test'
Dispose command
Execute non query command: CREATE TABLE `test`.`TestSchemaVersions` 
                    (
                        `schemaversionid` INT NOT NULL AUTO_INCREMENT,
                        `scriptname` VARCHAR(255) NOT NULL,
                        `applied` TIMESTAMP NOT NULL,
                        PRIMARY KEY (`schemaversionid`));
Dispose command
Create parameter
Add parameter to command: scriptName=Script0001.sql
Create parameter
Add parameter to command: applied=<date>
Execute non query command: insert into `test`.`TestSchemaVersions` (ScriptName, Applied) values (@scriptName, @applied)
Dispose command
Dispose connection