Open connection
Execute scalar command: SELECT count(*) FROM sqlite_master WHERE type = 'table' AND name = 'SchemaVersions' COLLATE NOCASE
Dispose command
Execute non query command: print SubstitutedValue
Dispose command
Execute scalar command: SELECT count(*) FROM sqlite_master WHERE type = 'table' AND name = 'SchemaVersions' COLLATE NOCASE
Dispose command
Execute non query command: CREATE TABLE [SchemaVersions] (
	SchemaVersionID INTEGER CONSTRAINT 'PK_SchemaVersions_SchemaVersionID' PRIMARY KEY AUTOINCREMENT NOT NULL,
	ScriptName TEXT NOT NULL,
	Applied DATETIME NOT NULL
)
Dispose command
Create parameter
Add parameter to command: scriptName=Script0001.sql
Create parameter
Add parameter to command: applied=<date>
Execute non query command: insert into [SchemaVersions] (ScriptName, Applied) values (@scriptName, @applied)
Dispose command
Dispose connection