DB Operation: Open connection
Info:         Beginning database upgrade
Info:         Checking whether journal table exists..
DB Operation: Execute scalar command: select 1 from INFORMATION_SCHEMA.TABLES where TABLE_NAME = 'schemaversions'
DB Operation: Dispose command
Info:         Creating the "schemaversions" table
DB Operation: Execute non query command: CREATE TABLE "schemaversions"
(
    schemaversionsid serial NOT NULL,
    scriptname character varying(255) NOT NULL,
    applied timestamp without time zone NOT NULL,
    CONSTRAINT "PK_schemaversions_Id" PRIMARY KEY (schemaversionsid)
)
DB Operation: Dispose command
Info:         The "schemaversions" table has been created
Info:         Fetching list of already executed scripts.
DB Operation: Execute reader command: select ScriptName from "schemaversions" order by ScriptName
DB Operation: Dispose command
Info:         Executing Database Server script 'Script0001.sql'
DB Operation: Execute non query command: print SubstitutedValue
DB Operation: Dispose command
DB Operation: Create parameter
Info:         DB Operation: Add parameter to command: scriptName=Script0001.sql
DB Operation: Create parameter
Info:         DB Operation: Add parameter to command: applied=<date>
DB Operation: Execute non query command: insert into "schemaversions" (ScriptName, Applied) values (@scriptName, @applied)
DB Operation: Dispose command
Info:         Upgrade successful
DB Operation: Dispose connection
