Open connection
Begin transaction
Execute scalar command: select 1 from INFORMATION_SCHEMA.TABLES where TABLE_NAME = 'SchemaVersions'
Dispose command
Execute non query command: print 'script1'
Dispose command
Execute scalar command: select 1 from INFORMATION_SCHEMA.TABLES where TABLE_NAME = 'SchemaVersions'
Dispose command
Execute non query command: create table [SchemaVersions] (
	[Id] int identity(1,1) not null constraint [PK_SchemaVersions_Id] primary key,
	[ScriptName] nvarchar(255) not null,
	[Applied] datetime not null
)
Dispose command
Create parameter
Add parameter to command: scriptName=Script0001.sql
Create parameter
Add parameter to command: applied=<date>
Execute non query command: insert into [SchemaVersions] (ScriptName, Applied) values (@scriptName, @applied)
Dispose command
Execute non query command: print 'script2'
Dispose command
Execute scalar command: select 1 from INFORMATION_SCHEMA.TABLES where TABLE_NAME = 'SchemaVersions'
Dispose command
Execute non query command: create table [SchemaVersions] (
	[Id] int identity(1,1) not null constraint [PK_SchemaVersions_Id] primary key,
	[ScriptName] nvarchar(255) not null,
	[Applied] datetime not null
)
Dispose command
Create parameter
Add parameter to command: scriptName=Script0002.sql
Create parameter
Add parameter to command: applied=<date>
Execute non query command: insert into [SchemaVersions] (ScriptName, Applied) values (@scriptName, @applied)
Dispose command
Commit transaction
Dispose transaction
Dispose connection