Open connection
Begin transaction
Execute scalar command: select 1 from INFORMATION_SCHEMA.TABLES where TABLE_NAME = 'SchemaVersions'
Dispose command
Commit transaction
Dispose transaction
Begin transaction
Execute non query command: error
Dispose command
Dispose transaction
Dispose connection