DB Operation: Open connection
Info:         Beginning database upgrade
Info:         Checking whether journal table exists..
DB Operation: Execute scalar command: SELECT count(name) FROM sqlite_master WHERE type = 'table' AND name = 'TestSchemaVersions'
DB Operation: Dispose command
Info:         Creating the [TestSchemaVersions] table
DB Operation: Execute non query command: CREATE TABLE [TestSchemaVersions] (
    SchemaVersionID INTEGER CONSTRAINT [PK_TestSchemaVersions_Id] PRIMARY KEY AUTOINCREMENT NOT NULL,
    ScriptName TEXT NOT NULL,
    Applied DATETIME NOT NULL
)
DB Operation: Dispose command
Info:         The [TestSchemaVersions] table has been created
Info:         Fetching list of already executed scripts.
DB Operation: Execute reader command: select [ScriptName] from [TestSchemaVersions] order by [ScriptName]
DB Operation: Dispose command
Info:         Executing Database Server script 'Script0001.sql'
DB Operation: Execute non query command: script1contents
DB Operation: Dispose command
DB Operation: Create parameter
Info:         DB Operation: Add parameter to command: scriptName=Script0001.sql
DB Operation: Create parameter
Info:         DB Operation: Add parameter to command: applied=<date>
DB Operation: Execute non query command: insert into [TestSchemaVersions] (ScriptName, Applied) values (@scriptName, @applied)
DB Operation: Dispose command
Info:         Upgrade successful
DB Operation: Dispose connection
