DB Operation: Open connection
Info:         Beginning database upgrade
Info:         Google Cloud Spanner: Checking whether journal table exists..
DB Operation: Execute scalar command: select 1 from INFORMATION_SCHEMA.TABLES where TABLE_NAME = 'schemaversions'
DB Operation: Dispose command
DB Operation: Dispose connection
DB Operation: Dispose command
Info:         Journal table does not exist
Info:         Executing Database Server script 'Script0001.sql'
Info:         Google Cloud Spanner: Checking whether journal table exists..
DB Operation: Execute scalar command: select 1 from INFORMATION_SCHEMA.TABLES where TABLE_NAME = 'schemaversions'
DB Operation: Dispose command
DB Operation: Dispose connection
DB Operation: Dispose command
Info:         Creating the `schemaversions` table
DB Operation: Execute non query command: CREATE TABLE `schemaversions`
(
    schemaversionsid BYTES(20) NOT NULL,
    scriptname STRING(255) NOT NULL,
    applied TIMESTAMP NOT NULL
) PRIMARY KEY (schemaversionsid)
DB Operation: Dispose command
Info:         The `schemaversions` table has been created
DB Operation: Execute non query command: script1contents
DB Operation: Dispose command
DB Operation: Create parameter
Info:         DB Operation: Add parameter to command: schemaversionsid=System.Byte[]
DB Operation: Create parameter
Info:         DB Operation: Add parameter to command: scriptName=Script0001.sql
DB Operation: Create parameter
Info:         DB Operation: Add parameter to command: applied=<date>
DB Operation: Execute non query command: insert into `schemaversions` (schemaversionsid, scriptname, applied) values (@schemaversionsid,@scriptName,@applied)
DB Operation: Dispose command
Info:         Upgrade successful
DB Operation: Dispose connection
