DB Operation: Open connection
Info:         Beginning database upgrade
DB Operation: Execute non query command: IF NOT EXISTS (SELECT * FROM sys.schemas WHERE name = N'dbo') Exec('CREATE SCHEMA [dbo]')
DB Operation: Dispose command
Info:         Executing Database Server script 'Script0001.sql'
Info:         Ensuring tables exists and is latest version
DB Operation: Execute non query command: print 'script1'
DB Operation: Dispose command
Info:         Executing Database Server script 'Script0002.sql'
Info:         Ensuring tables exists and is latest version
DB Operation: Execute non query command: print 'script2'
DB Operation: Dispose command
Info:         Upgrade successful
DB Operation: Dispose connection
