DB Operation: Open connection
Info:         Beginning transaction
DB Operation: Begin transaction
Info:         Beginning database upgrade
DB Operation: Execute non query command: IF NOT EXISTS (SELECT * FROM sys.schemas WHERE name = N'dbo') Exec('CREATE SCHEMA [dbo]')
DB Operation: Dispose command
Info:         Executing Database Server script 'Script0001.sql'
Info:         Ensuring tables exists and is latest version
DB Operation: Execute non query command: error
DB Operation: Dispose command
Info:         DB exception has occurred in script: 'Script0001.sql'
Error:        Script block number: 0; Message: External component has thrown an exception.
Error:        DbUp.Tests.Common.RecordingDb.RecordingDbCommand+TestDbException (0x80004005): External component has thrown an exception.
Warn:         Error occured when executing scripts, transaction will be rolled back
DB Operation: Dispose transaction
DB Operation: Dispose connection
Error:        Upgrade failed due to an unexpected exception: DbUp.Tests.Common.RecordingDb.RecordingDbCommand+TestDbException (0x80004005): External component has thrown an exception. => External component has thrown an exception.
